[backblue.gif]
[fade.gif]
[index.html]
[maxcdn.bootstrapcdn.com/bootstrap/4.4.1/css/bootstrap.min.css]
[cdnjs.cloudflare.com/ajax/libs/magnific-popup.js/1.1.0/magnific-popup.min.css]
[ajax.googleapis.com/ajax/libs/jquery/3.4.1/jquery.min.js]
[cdnjs.cloudflare.com/ajax/libs/popper.js/1.16.0/umd/popper.min.js]
[maxcdn.bootstrapcdn.com/bootstrap/4.4.1/js/bootstrap.min.js]
[cdnjs.cloudflare.com/ajax/libs/magnific-popup.js/1.1.0/jquery.magnific-popup.min.js]
[file/home/hari/Videos/11d.html]
[file/home/hari/Videos/10d.html]
[file/home/hari/Videos/12d.html]
[file/home/hari/Videos/contact.html]
[file/home/hari/Videos/signup.html]
[file/home/hari/Videos/klc.html]
[ajax.cloudflare.com/cdn-cgi/scripts/7089c43e/cloudflare-static/rocket-loader.min.js]
[maps.gstatic.com/mapfiles/embed/images/entity11.png]
[maps.gstatic.com/maps-api-v3/embed/js/39/1/init_embed.js]
[file/home/hari/Videos/contact_files/embed.html]
[file/home/hari/Videos/index.html]
[file/home/hari/Videos/Schedule.html]
[file/home/hari/Videos/blog.html]
[file/home/hari/Videos/single-blog.html]
[file/home/hari/Videos/Speakers.html]
[file/home/hari/Videos/Venue.html]
[file/home/hari/Videos/schedule-2.html]
[file/home/hari/Videos/speakers-2.html]
[file/home/hari/Videos/contact_files/embed_data/js]
[file/home/hari/Videos/contact_files/_https_/maps.gstatic.com/mapfiles/openhand_8_8.cur_]
[file/home/hari/Videos/H9.jpg]
[maxcdn.bootstrapcdn.com/bootstrap/4.4.1/css/bootstrap.min.css]
[file/home/hari/Videos/css/OwlCarousel2-2.3.4/dist/assets/owl.carousel.min.css]
[cdnjs.cloudflare.com/ajax/libs/magnific-popup.js/1.1.0/magnific-popup.min.css]
[file/home/hari/Videos/css/font-awesome-4.7.0/css/font-awesome.min.css]
[file/home/hari/Videos/colorful-backgrounds-art-colors-cool-cute-pattern-apple-full-hd-1484x987.jpg]
[file/home/hari/Videos/colorful-background-7.jpg]
[file/home/hari/Videos/css/temify-icons.css]
[file/home/hari/Videos/colorful-background-1.jpg]
[file/home/hari/Videos/css/nice-select.css]
[file/home/hari/Videos/line.jpg]
[file/home/hari/Videos/black-background-gif-13.gif]
[file/home/hari/Videos/css/flaticonss.css]
[file/home/hari/Videos/glow.gif]
[file/home/hari/Videos/css/d-animate.css]
[file/home/hari/Videos/png.png]
[file/home/hari/Videos/css/sticky-nav.css]
[file/home/hari/Videos/css/style2.css]
[file/home/hari/Videos/business.jpg]
[file/home/hari/Videos/css/animation.css]
[file/home/hari/Videos/ylfPrwq33vk (1).png]
[file/home/hari/Videos/css/aos.css]
[file/home/hari/Videos/Untitled (1).png]
[file/home/hari/Videos/Untitled (2).png]
[file/home/hari/Videos/css/ginti.css]
[file/home/hari/Videos/qn.jpg]
[file/home/hari/Videos/css/night-mode.css]
[file/home/hari/Videos/ac174a5e7d3a470bf099d7767eaba553.png]
[cdnjs.cloudflare.com/ajax/libs/popper.js/1.16.0/umd/popper.min.js]
[file/home/hari/Videos/css/OwlCarousel2-2.3.4/dist/owl.carousel.min.js]
[file/home/hari/Videos/js/ginti.js]
[file/home/hari/Videos/js/aos.js]
[file/home/hari/Videos/js/loader.js]
[file/home/hari/Videos/js/vendor/modernizr-3.5.0.min.js]
[file/home/hari/Videos/js/popper.min.js]
[file/home/hari/Videos/js/isotope.pkgd.min.js]
[cdnjs.cloudflare.com/ajax/libs/magnific-popup.js/1.1.0/jquery.magnific-popup.min.js]
[file/home/hari/Videos/js/ajax-form.js]
[file/home/hari/Videos/js/waypoints.min.js]
[file/home/hari/Videos/js/jquery.counterup.min.js]
[file/home/hari/Videos/js/imagesloaded.pkgd.min.js]
[file/home/hari/Videos/js/scrollIt.js]
[file/home/hari/Videos/js/jquery.scrollUp.min.js]
[file/home/hari/Videos/js/wow.min.js]
[file/home/hari/Videos/js/nice-select.min.js]
[file/home/hari/Videos/js/jquery.slicknav.min.js]
[file/home/hari/Videos/js/jquery.magnific-popup.min.js]
[file/home/hari/Videos/js/jquery.countdown.js]
[file/home/hari/Videos/js/plugins.js]
[file/home/hari/Videos/js/contact.js]
[file/home/hari/Videos/js/jquery.ajaxchimp.min.js]
[file/home/hari/Videos/H99.png]
[file/home/hari/Videos/car.png]
[file/home/hari/Videos/wheel.png]
[file/home/hari/Videos/js/main.js]
[file/home/hari/Videos/js/night-mode.js]
[file/home/hari/Videos/css/overlay.css]
[file/home/hari/Videos/css/scroll-bar.css]
[file/home/hari/Videos/js/scroll-bar.js]
[file/home/hari/Videos/contact_files/logo.png]
[file/home/hari/Videos/js/overlay.js]
[file/home/hari/Music/no.png]
[file/home/hari/Downloads/wall4.jpg]
[file/home/hari/Videos/ani.css]
[file/home/hari/Downloads/Outstanding_Colorful_Background_3.jpg]
[file/home/hari/Videos/logo.png]
[file/home/hari/Videos/contact_files/bootstrap.css]
[file/home/hari/Videos/contact_files/jquery.js]
[file/home/hari/Videos/contact_files/popper.js]
[file/home/hari/Videos/contact_files/bootstrap.js]
[file/home/hari/Videos/signup.html]
[file/home/hari/Videos/contact_files/embed_data/css.css]
[file/home/hari/Videos/contact_files/embed_data/common.js]
[maps.gstatic.com/mapfiles/api-3/images/mapcnt6.png]
[file/home/hari/Videos/contact_files/embed_data/vt.png]
[file/home/hari/Videos/contact_files/embed_data/vt_007.png]
[file/home/hari/Videos/contact_files/embed_data/vt_002.png]
[maps.gstatic.cn/mapfiles/api-3/images/mapcnt6.png]
[file/home/hari/Videos/contact_files/embed_data/vt_005.png]
[file/home/hari/Videos/contact_files/embed_data/vt_009.png]
[file/home/hari/Videos/contact_files/embed_data/vt_004.png]
[file/home/hari/Videos/contact_files/embed_data/vt_003.png]
[file/home/hari/Videos/contact_files/embed_data/vt_006.png]
[file/home/hari/Videos/contact_files/embed_data/vt_008.png]
[file/home/hari/Videos/contact_files/embed_data/google4.png]
[file/home/hari/Videos/contact_files/embed_data/kh.jpeg]
[maps.gstatic.com/mapfiles/api-3/images/mapcnt6_hdpi.png]
[file/home/hari/Videos/css/OwlCarousel2-2.3.4/dist/assets/owl.video.play.png]
[maps.gstatic.cn/mapfiles/api-3/images/mapcnt6_hdpi.png]
[file/home/hari/Videos/sky.jpg]
[maps.gstatic.com/maps-api-v3/embed/js/39/1/init_embed.js]
[maps.gstatic.com/mapfiles/transparent.png]
[file/home/hari/Videos/contact_files/embed_data/util.js]
[file/home/hari/Videos/contact_files/embed_data/map.js]
[file/home/hari/Videos/contact_files/embed_data/overlay.js]
[file/home/hari/Videos/contact_files/embed_data/onion.js]
[file/home/hari/Videos/contact_files/embed_data/search_impl.js]
[file/home/hari/Videos/contact_files/embed_data/controls.js]
[file/home/hari/Videos/road.jpg]
[file/home/hari/Videos/city.png]
[file/home/hari/Videos/contact_files/embed_data/js]
[file/home/hari/Videos/contact_files/embed_data/init_embed.js]
[file/home/hari/Videos/Speakers.html]
[file/home/hari/Videos/schedule-2.html]
[file/home/hari/Videos/contact_files/_https_/maps.gstatic.com/mapfiles/openhand_8_8.cur_]
[file/home/hari/Videos/css/preloader.css]
[file/home/hari/Videos/Schedule.html]
[file/home/hari/Videos/img/about/shap2.png]
[file/home/hari/Videos/img/banner/footer_ball.png]
[file/cdn-cgi/scripts/5c5dd728/cloudflare-static/email-decode.min.js]
[file/home/hari/Videos/js/vendor/jquery-1.12.4.min.js]
[file/home/hari/Videos/js/bootstrap.min.js]
[file/home/hari/Videos/js/owl.carousel.min.js]
[file/home/hari/Videos/js/jquery.form.js]
[file/home/hari/Videos/js/jquery.validate.min.js]
[file/home/hari/Videos/js/mail-script.js]
[file/home/hari/Videos/css/font-awesome-4.7.0/fonts/fontawesome-webfont3e6e.eot]
[file/home/hari/Videos/css/font-awesome-4.7.0/fonts/fontawesome-webfontd41d.eot]
[file/home/hari/Videos/css/font-awesome-4.7.0/fonts/fontawesome-webfont3e6e.woff2]
[file/home/hari/Videos/css/font-awesome-4.7.0/fonts/fontawesome-webfont3e6e.woff]
[file/home/hari/Videos/css/font-awesome-4.7.0/fonts/fontawesome-webfont3e6e.ttf]
[file/home/hari/Videos/css/font-awesome-4.7.0/fonts/fontawesome-webfont3e6e.svg]
[file/home/hari/Videos/fonts/themify9f24.eot]
[file/home/hari/Videos/fonts/themifyd41d.eot]
[file/home/hari/Videos/fonts/themify9f24.woff]
[file/home/hari/Videos/fonts/themify9f24.ttf]
[file/home/hari/Videos/fonts/themify9f24.svg]
[file/home/hari/Videos/fonts/Flaticon.eot]
[file/home/hari/Videos/fonts/Flaticond41d.eot]
[file/home/hari/Videos/fonts/Flaticon.woff2]
[file/home/hari/Videos/fonts/Flaticon.woff]
[file/home/hari/Videos/fonts/Flaticon.ttf]
[file/home/hari/Videos/fonts/Flaticon.svg]
[file/home/hari/Videos/img/slider/slider-img-1.jpg]
[file/home/hari/Videos/img/background-img/bg-img-2.jpg]
[file/home/hari/Videos/img/background-img/bg-img-3.jpg]
[file/home/hari/Videos/img/speakers/line.png]
[file/home/hari/Videos/img/banner/banner_1.png]
[file/home/hari/Videos/img/banner/path2.png]
[file/home/hari/Videos/img/banner/path.png]
[file/home/hari/Videos/img/video/youtube_bg.png]
[file/home/hari/Videos/img/banner/resister.png]
[file/home/hari/Videos/img/banner/footer_bg_1.png]
[file/home/hari/Videos/img/banner/breadcam_bg.png]
[file/home/hari/Videos/img/team/team1.png]
[file/home/hari/Videos/img/team/team2.png]
[file/home/hari/Videos/img/team/team3.png]
[file/home/hari/Videos/img/elements/primary-check.png]
[file/home/hari/Videos/img/elements/success-check.png]
[file/home/hari/Videos/img/elements/disabled-check.png]
[file/home/hari/Videos/img/elements/primary-radio.png]
[file/home/hari/Videos/img/elements/success-radio.png]
[file/home/hari/Videos/img/elements/disabled-radio.png]
[file/home/hari/Videos/dist/index.html]
[file/home/hari/Videos/popper.js]
[file/home/hari/Videos/contact_files/index.html]
[file/home/hari/Videos/contact_files/+/index.html]
